# ===== transition at 2026-09-23 12:39:45 | previous sha256_16=2C85DD21D8C969ED (332 entries) -> new 332 entries =====
# DELTA for cited-evidence-whitelist-all.txt | previous sha256_16=2C85DD21D8C969ED (332 entries) -> new 332 entries | at 2026-09-23 12:39:45 | Machine-generated, do NOT hand-edit
# added 0 (none)
# removed 0 (none)
# RECONSTRUCTED HISTORY (added 2026-09-23T12:41 by CR-F2 when .delta.log was introduced): the two
# generations below happened BEFORE this log existed, so their progressions were taken by overwriting.
# The entry lists are copied verbatim from the delta sidecars printed at the time (my reports) --
# marked RECONSTRUCTED, never presented as machine-logged.
# UNRECOVERABLE: the generation 79FA6CFC0D4AAA89 (322) -> 327, "+5 RANGE fix" -- its entry list was
# overwritten twice and no copy survives (CR-R1's residual finding, accepted).
# ===== RECONSTRUCTED transition | previous sha256_16=79FA6CFC0D4AAA89 (322) -> 327 entries =====
# added 5  removed 0   [entry list UNRECOVERABLE]
# ===== RECONSTRUCTED transition | previous sha256_16=CD59337FADC6DE83 (327) -> 331 entries | at 2026-09-23 11:27:24 =====
# added 4  removed 0
+ .ai-tmp/screenshots/AX1.index.tsv
+ .ai-tmp/test/CR-V2-measure-after.txt
+ .ai-tmp/test/F1-fx-index.tsv
+ .ai-tmp/test/t5-cand/index.tsv
# ===== RECONSTRUCTED transition | previous sha256_16=D2BACA83734E3595 (331) -> 332 entries | at 2026-09-23 12:34:56 =====
# added 1  removed 0
+ .ai-tmp/screenshots/CR-V1-arena-nohud.png# ===== transition at 2026-09-23 12:47:18 | previous sha256_16=D0450F5E80656E59 (332 entries) -> new 332 entries =====
# DELTA for cited-evidence-whitelist-all.txt | previous sha256_16=D0450F5E80656E59 (332 entries) -> new 332 entries | at 2026-09-23 12:47:18 | Machine-generated, do NOT hand-edit
# added 0 (none)
# removed 0 (none)
# ===== transition at 2026-09-23 12:48:14 | previous sha256_16=324AB07E33CFA47D (332 entries) -> new 332 entries =====
# DELTA for cited-evidence-whitelist-all.txt | previous sha256_16=324AB07E33CFA47D (332 entries) -> new 332 entries | at 2026-09-23 12:48:14 | Machine-generated, do NOT hand-edit
# added 0 (none)
# removed 0 (none)
# ===== transition at 2026-09-23 12:49:47 | previous sha256_16=CDF06799DDBFBACD (332 entries) -> new 332 entries =====
# DELTA for cited-evidence-whitelist-all.txt | previous sha256_16=CDF06799DDBFBACD (332 entries) -> new 332 entries | at 2026-09-23 12:49:47 | Machine-generated, do NOT hand-edit
# added 0 (none)
# removed 0 (none)
# ===== transition at 2026-09-23 12:59:31 | previous sha256_16=B109A204AA479908 (332 entries) -> new 336 entries =====
# DELTA for cited-evidence-whitelist-all.txt | previous sha256_16=B109A204AA479908 (332 entries) -> new 336 entries | at 2026-09-23 12:59:31 | Machine-generated, do NOT hand-edit
# added 4
+ .ai-tmp/screenshots/CR-V1-arena-mine.png
+ .ai-tmp/screenshots/CR-V1-bridge-pair.png
+ .ai-tmp/screenshots/CR-V1-river-pair.png
+ .ai-tmp/screenshots/CR-V1-sidebyside.png
# removed 0 (none)
# ===== transition at 2026-09-23 13:08:26 | previous sha256_16=A377D92787FF5661 (336 entries) -> new 439 entries =====
# DELTA for cited-evidence-whitelist-all.txt | previous sha256_16=A377D92787FF5661 (336 entries) -> new 439 entries | at 2026-09-23 13:08:26 | Machine-generated, do NOT hand-edit
# added 103
+ .ai-tmp/hosts/cr-f1-cite-reach.ps1
+ .ai-tmp/hosts/cr-f1-cite-reach.py
+ .ai-tmp/hosts/u5r-selfassert-check.ps1
+ .ai-tmp/screenshots/CR-U5-battle-live.png
+ .ai-tmp/screenshots/CR-U5-mid2.png
+ .ai-tmp/screenshots/CR-U5-mid-no-menu-pause.png
+ .ai-tmp/screenshots/CR-V2-base-crownbadge-8x.png
+ .ai-tmp/screenshots/CR-V2-base-timer-5x.png
+ .ai-tmp/screenshots/CR-V2-hud-a0.png
+ .ai-tmp/screenshots/CR-V2-hud-a04.png
+ .ai-tmp/screenshots/CR-V2-hud-a06.png
+ .ai-tmp/screenshots/CR-V2-hud-a0bg.png
+ .ai-tmp/screenshots/CR-V2-hud-a0full.png
+ .ai-tmp/screenshots/CR-V2-hud-a0fullbg.png
+ .ai-tmp/screenshots/CR-V2-hud-a1.png
+ .ai-tmp/screenshots/CR-V2-hud-a2restored.png
+ .ai-tmp/screenshots/CR-V2-hud-bg.png
+ .ai-tmp/screenshots/CR-V2-hud-mine.png
+ .ai-tmp/screenshots/CR-V2-hud-pause.png
+ .ai-tmp/screenshots/CR-V2-hud-restored.png
+ .ai-tmp/screenshots/CR-V2-mine-topright-3x.png
+ .ai-tmp/test/CR-D1-artifact-manifest.txt
+ .ai-tmp/test/CR-D1-counterexamples.py
+ .ai-tmp/test/CR-D1-crosstab.out.txt
+ .ai-tmp/test/CR-D1-crosstab.py
+ .ai-tmp/test/CR-D1-impact-enum.out.txt
+ .ai-tmp/test/CR-D1-impact-enum.py
+ .ai-tmp/test/CR-D1-impact-list.md
+ .ai-tmp/test/CR-D1-manifest.py
+ .ai-tmp/test/CR-D1-myrounds.py
+ .ai-tmp/test/CR-D1-myrounds2.py
+ .ai-tmp/test/CR-D1-p1.out.txt
+ .ai-tmp/test/CR-D1-p2.out.txt
+ .ai-tmp/test/CR-D1-p3.out.txt
+ .ai-tmp/test/CR-D1-pc.out.txt
+ .ai-tmp/test/CR-D1-playlog-pairing.py
+ .ai-tmp/test/CR-D1-rebind-dump.out.txt
+ .ai-tmp/test/CR-D1-rebind-dump.py
+ .ai-tmp/test/CR-D1-report.md
+ .ai-tmp/test/CR-D1-residualstate.out.txt
+ .ai-tmp/test/CR-D1-residualstate.py
+ .ai-tmp/test/CR-D1-rounds.py
+ .ai-tmp/test/CR-D1-rounds2.py
+ .ai-tmp/test/CR-D1-rounds3.py
+ .ai-tmp/test/CR-D1-rounds4.out.txt
+ .ai-tmp/test/CR-D1-rounds4.py
+ .ai-tmp/test/CR-D1-windows.out.txt
+ .ai-tmp/test/CR-D1-windows.py
+ .ai-tmp/test/CR-F1-bare-reconcile.README.txt
+ .ai-tmp/test/CR-F1-bare-reconcile.tsv
+ .ai-tmp/test/CR-F1-bare-uncovered-51.txt
+ .ai-tmp/test/CR-F1-cite-reach.out.txt
+ .ai-tmp/test/CR-F1-d12-before-after.txt
+ .ai-tmp/test/CR-F1-d8-before-after.txt
+ .ai-tmp/test/CR-F1-f1.out.txt
+ .ai-tmp/test/CR-F1-f1freeze.out.txt
+ .ai-tmp/test/CR-F1-f1r2.out.txt
+ .ai-tmp/test/CR-F1-geom.out.txt
+ .ai-tmp/test/CR-F1-run.ps1
+ .ai-tmp/test/CR-F2-assembly-sha256.txt
+ .ai-tmp/test/CR-F2-count.txt
+ .ai-tmp/test/CR-F2-deferred-2-sites-leads.txt
+ .ai-tmp/test/CR-F2-verify.log
+ .ai-tmp/test/CR-F2-verify2.log
+ .ai-tmp/test/CR-F2-verify-after-land.log
+ .ai-tmp/test/cr-r1-acceptance.py
+ .ai-tmp/test/cr-r1-bare-join.py
+ .ai-tmp/test/CR-R1-bare-reconcile-joined.tsv
+ .ai-tmp/test/cr-r1-final-selfcheck.py
+ .ai-tmp/test/CR-R1-hud-rows-2col.tsv
+ .ai-tmp/test/CR-U5-evidence.txt
+ .ai-tmp/test/CR-U5R-a1a2.out.txt
+ .ai-tmp/test/CR-U5R-a1b.out.txt
+ .ai-tmp/test/CR-U5R-arena-id.py
+ .ai-tmp/test/CR-U5R-arena-name-map3.py
+ .ai-tmp/test/CR-U5R-arena-struct.py
+ .ai-tmp/test/CR-U5R-d118-recount.py
+ .ai-tmp/test/CR-U5R-manifest-line-diff.py
+ .ai-tmp/test/CR-U5R-one-file-mtime.py
+ .ai-tmp/test/CR-U5R-prediction-test.py
+ .ai-tmp/test/CR-U5R-report.md
+ .ai-tmp/test/CR-V2-ab2-audit-step4.txt
+ .ai-tmp/test/CR-V2-ab2-diff.out.txt
+ .ai-tmp/test/CR-V2-alpha.out.txt
+ .ai-tmp/test/CR-V2-alpha-solve.out.txt
+ .ai-tmp/test/CR-V2-hud.out.txt
+ .ai-tmp/test/CR-V2-hud2.out.txt
+ .ai-tmp/test/CR-V2-linearity.out.txt
+ .ai-tmp/test/CR-V2-measure-before.txt
+ .ai-tmp/test/CR-V2-relay-land.txt
+ .ai-tmp/test/CR-V2-rows.out.txt
+ .ai-tmp/test/CR-V2-sep.out.txt
+ .ai-tmp/test/CR-V2-sep-control.out.txt
+ .ai-tmp/test/D1-arg.txt
+ .ai-tmp/test/D1-out.txt
+ .ai-tmp/test/heartbeat-CR-D1.tsv
+ .ai-tmp/test/heartbeat-CR-F1.tsv
+ .ai-tmp/test/heartbeat-CR-F2.tsv
+ .ai-tmp/test/heartbeat-CR-R1.tsv
+ .ai-tmp/test/heartbeat-CR-U5R.tsv
+ .ai-tmp/test/heartbeat-CR-V1.tsv
+ .ai-tmp/test/heartbeat-CR-V2.tsv
+ .ai-tmp/test/U5R-out.txt
# removed 0 (none)
# ===== transition at 2026-09-23 13:29:16 | previous sha256_16=0F1685766CD29EE4 (439 entries) -> new 436 entries =====
# DELTA for cited-evidence-whitelist-all.txt | previous sha256_16=0F1685766CD29EE4 (439 entries) -> new 436 entries | at 2026-09-23 13:29:16 | Machine-generated, do NOT hand-edit
# added 0 (none)
# removed 3
- .ai-tmp/screenshots/CR-U5-battle-live.png
- .ai-tmp/screenshots/CR-U5-mid2.png
- .ai-tmp/screenshots/CR-U5-mid-no-menu-pause.png
# ===== transition at 2026-09-23 13:59:00 | previous sha256_16=3E9917FB66925871 (436 entries) -> new 452 entries =====
# DELTA for cited-evidence-whitelist-all.txt | previous sha256_16=3E9917FB66925871 (436 entries) -> new 452 entries | at 2026-09-23 13:59:00 | Machine-generated, do NOT hand-edit
# added 16
+ .ai-tmp/hosts/check_def.py
+ .ai-tmp/test/A10-visual.py
+ .ai-tmp/test/A2-websearch.py
+ .ai-tmp/test/A3-fetch.py
+ .ai-tmp/test/A4-search2.py
+ .ai-tmp/test/A6-apk.py
+ .ai-tmp/test/A8-apksearch.py
+ .ai-tmp/test/aa2-land.py
+ .ai-tmp/test/ai1-fold.py
+ .ai-tmp/test/AM2-measure.py
+ .ai-tmp/test/AU1-live2.ps1
+ .ai-tmp/test/cr-v1-waterprof.py
+ .ai-tmp/test/p1-measure.py
+ .ai-tmp/test/r5/dumpsc.py
+ .ai-tmp/test/r5/parse.py
+ .ai-tmp/web/sc_decode.py
# removed 0 (none)
