# ===== transition at 2026-09-23 12:40:06 | previous sha256_16=B273CBDAC5E0C702 (182 entries) -> new 182 entries =====
# DELTA for cited-evidence-whitelist-f2.txt | previous sha256_16=B273CBDAC5E0C702 (182 entries) -> new 182 entries | at 2026-09-23 12:40:06 | Machine-generated, do NOT hand-edit
# added 0 (none)
# removed 0 (none)
# RECONSTRUCTED HISTORY (added 2026-09-23T12:41 by CR-F2 when .delta.log was introduced): the two
# generations below happened BEFORE this log existed, so their progressions were taken by overwriting.
# The entry lists are copied verbatim from the delta sidecars printed at the time (my reports) --
# marked RECONSTRUCTED, never presented as machine-logged.
# UNRECOVERABLE: the generation 79FA6CFC0D4AAA89 (322) -> 327, "+5 RANGE fix" -- its entry list was
# overwritten twice and no copy survives (CR-R1's residual finding, accepted).
# ===== RECONSTRUCTED transition | previous sha256_16=79FA6CFC0D4AAA89 (322) -> 327 entries =====
# added 5  removed 0   [entry list UNRECOVERABLE]
# ===== RECONSTRUCTED transition | previous sha256_16=CD59337FADC6DE83 (327) -> 331 entries | at 2026-09-23 11:27:24 =====
# added 4  removed 0
+ .ai-tmp/screenshots/AX1.index.tsv
+ .ai-tmp/test/CR-V2-measure-after.txt
+ .ai-tmp/test/F1-fx-index.tsv
+ .ai-tmp/test/t5-cand/index.tsv
# ===== RECONSTRUCTED transition | previous sha256_16=D2BACA83734E3595 (331) -> 332 entries | at 2026-09-23 12:34:56 =====
# added 1  removed 0
+ .ai-tmp/screenshots/CR-V1-arena-nohud.png# ===== transition at 2026-09-23 12:47:39 | previous sha256_16=FC61F8F01CD4C4D1 (182 entries) -> new 182 entries =====
# DELTA for cited-evidence-whitelist-f2.txt | previous sha256_16=FC61F8F01CD4C4D1 (182 entries) -> new 182 entries | at 2026-09-23 12:47:39 | Machine-generated, do NOT hand-edit
# added 0 (none)
# removed 0 (none)
# ===== transition at 2026-09-23 12:48:37 | previous sha256_16=49F22BE3F1864DD7 (182 entries) -> new 182 entries =====
# DELTA for cited-evidence-whitelist-f2.txt | previous sha256_16=49F22BE3F1864DD7 (182 entries) -> new 182 entries | at 2026-09-23 12:48:37 | Machine-generated, do NOT hand-edit
# added 0 (none)
# removed 0 (none)
# ===== transition at 2026-09-23 12:50:07 | previous sha256_16=B1E1BEB6FEE377BB (182 entries) -> new 182 entries =====
# DELTA for cited-evidence-whitelist-f2.txt | previous sha256_16=B1E1BEB6FEE377BB (182 entries) -> new 182 entries | at 2026-09-23 12:50:07 | Machine-generated, do NOT hand-edit
# added 0 (none)
# removed 0 (none)
# ===== transition at 2026-09-23 12:59:55 | previous sha256_16=A856FD67C9BA82FB (182 entries) -> new 186 entries =====
# DELTA for cited-evidence-whitelist-f2.txt | previous sha256_16=A856FD67C9BA82FB (182 entries) -> new 186 entries | at 2026-09-23 12:59:55 | Machine-generated, do NOT hand-edit
# added 4
+ .ai-tmp/screenshots/CR-V1-arena-mine.png
+ .ai-tmp/screenshots/CR-V1-bridge-pair.png
+ .ai-tmp/screenshots/CR-V1-river-pair.png
+ .ai-tmp/screenshots/CR-V1-sidebyside.png
# removed 0 (none)
# ===== transition at 2026-09-23 13:08:45 | previous sha256_16=6AB894751E329C98 (186 entries) -> new 289 entries =====
# DELTA for cited-evidence-whitelist-f2.txt | previous sha256_16=6AB894751E329C98 (186 entries) -> new 289 entries | at 2026-09-23 13:08:45 | Machine-generated, do NOT hand-edit
# added 103
+ .ai-tmp/hosts/cr-f1-cite-reach.ps1
+ .ai-tmp/hosts/cr-f1-cite-reach.py
+ .ai-tmp/hosts/u5r-selfassert-check.ps1
+ .ai-tmp/screenshots/CR-U5-battle-live.png
+ .ai-tmp/screenshots/CR-U5-mid2.png
+ .ai-tmp/screenshots/CR-U5-mid-no-menu-pause.png
+ .ai-tmp/screenshots/CR-V2-base-crownbadge-8x.png
+ .ai-tmp/screenshots/CR-V2-base-timer-5x.png
+ .ai-tmp/screenshots/CR-V2-hud-a0.png
+ .ai-tmp/screenshots/CR-V2-hud-a04.png
+ .ai-tmp/screenshots/CR-V2-hud-a06.png
+ .ai-tmp/screenshots/CR-V2-hud-a0bg.png
+ .ai-tmp/screenshots/CR-V2-hud-a0full.png
+ .ai-tmp/screenshots/CR-V2-hud-a0fullbg.png
+ .ai-tmp/screenshots/CR-V2-hud-a1.png
+ .ai-tmp/screenshots/CR-V2-hud-a2restored.png
+ .ai-tmp/screenshots/CR-V2-hud-bg.png
+ .ai-tmp/screenshots/CR-V2-hud-mine.png
+ .ai-tmp/screenshots/CR-V2-hud-pause.png
+ .ai-tmp/screenshots/CR-V2-hud-restored.png
+ .ai-tmp/screenshots/CR-V2-mine-topright-3x.png
+ .ai-tmp/test/CR-D1-artifact-manifest.txt
+ .ai-tmp/test/CR-D1-counterexamples.py
+ .ai-tmp/test/CR-D1-crosstab.out.txt
+ .ai-tmp/test/CR-D1-crosstab.py
+ .ai-tmp/test/CR-D1-impact-enum.out.txt
+ .ai-tmp/test/CR-D1-impact-enum.py
+ .ai-tmp/test/CR-D1-impact-list.md
+ .ai-tmp/test/CR-D1-manifest.py
+ .ai-tmp/test/CR-D1-myrounds.py
+ .ai-tmp/test/CR-D1-myrounds2.py
+ .ai-tmp/test/CR-D1-p1.out.txt
+ .ai-tmp/test/CR-D1-p2.out.txt
+ .ai-tmp/test/CR-D1-p3.out.txt
+ .ai-tmp/test/CR-D1-pc.out.txt
+ .ai-tmp/test/CR-D1-playlog-pairing.py
+ .ai-tmp/test/CR-D1-rebind-dump.out.txt
+ .ai-tmp/test/CR-D1-rebind-dump.py
+ .ai-tmp/test/CR-D1-report.md
+ .ai-tmp/test/CR-D1-residualstate.out.txt
+ .ai-tmp/test/CR-D1-residualstate.py
+ .ai-tmp/test/CR-D1-rounds.py
+ .ai-tmp/test/CR-D1-rounds2.py
+ .ai-tmp/test/CR-D1-rounds3.py
+ .ai-tmp/test/CR-D1-rounds4.out.txt
+ .ai-tmp/test/CR-D1-rounds4.py
+ .ai-tmp/test/CR-D1-windows.out.txt
+ .ai-tmp/test/CR-D1-windows.py
+ .ai-tmp/test/CR-F1-bare-reconcile.README.txt
+ .ai-tmp/test/CR-F1-bare-reconcile.tsv
+ .ai-tmp/test/CR-F1-bare-uncovered-51.txt
+ .ai-tmp/test/CR-F1-cite-reach.out.txt
+ .ai-tmp/test/CR-F1-d12-before-after.txt
+ .ai-tmp/test/CR-F1-d8-before-after.txt
+ .ai-tmp/test/CR-F1-f1.out.txt
+ .ai-tmp/test/CR-F1-f1freeze.out.txt
+ .ai-tmp/test/CR-F1-f1r2.out.txt
+ .ai-tmp/test/CR-F1-geom.out.txt
+ .ai-tmp/test/CR-F1-run.ps1
+ .ai-tmp/test/CR-F2-assembly-sha256.txt
+ .ai-tmp/test/CR-F2-count.txt
+ .ai-tmp/test/CR-F2-deferred-2-sites-leads.txt
+ .ai-tmp/test/CR-F2-verify.log
+ .ai-tmp/test/CR-F2-verify2.log
+ .ai-tmp/test/CR-F2-verify-after-land.log
+ .ai-tmp/test/cr-r1-acceptance.py
+ .ai-tmp/test/cr-r1-bare-join.py
+ .ai-tmp/test/CR-R1-bare-reconcile-joined.tsv
+ .ai-tmp/test/cr-r1-final-selfcheck.py
+ .ai-tmp/test/CR-R1-hud-rows-2col.tsv
+ .ai-tmp/test/CR-U5-evidence.txt
+ .ai-tmp/test/CR-U5R-a1a2.out.txt
+ .ai-tmp/test/CR-U5R-a1b.out.txt
+ .ai-tmp/test/CR-U5R-arena-id.py
+ .ai-tmp/test/CR-U5R-arena-name-map3.py
+ .ai-tmp/test/CR-U5R-arena-struct.py
+ .ai-tmp/test/CR-U5R-d118-recount.py
+ .ai-tmp/test/CR-U5R-manifest-line-diff.py
+ .ai-tmp/test/CR-U5R-one-file-mtime.py
+ .ai-tmp/test/CR-U5R-prediction-test.py
+ .ai-tmp/test/CR-U5R-report.md
+ .ai-tmp/test/CR-V2-ab2-audit-step4.txt
+ .ai-tmp/test/CR-V2-ab2-diff.out.txt
+ .ai-tmp/test/CR-V2-alpha.out.txt
+ .ai-tmp/test/CR-V2-alpha-solve.out.txt
+ .ai-tmp/test/CR-V2-hud.out.txt
+ .ai-tmp/test/CR-V2-hud2.out.txt
+ .ai-tmp/test/CR-V2-linearity.out.txt
+ .ai-tmp/test/CR-V2-measure-before.txt
+ .ai-tmp/test/CR-V2-relay-land.txt
+ .ai-tmp/test/CR-V2-rows.out.txt
+ .ai-tmp/test/CR-V2-sep.out.txt
+ .ai-tmp/test/CR-V2-sep-control.out.txt
+ .ai-tmp/test/D1-arg.txt
+ .ai-tmp/test/D1-out.txt
+ .ai-tmp/test/heartbeat-CR-D1.tsv
+ .ai-tmp/test/heartbeat-CR-F1.tsv
+ .ai-tmp/test/heartbeat-CR-F2.tsv
+ .ai-tmp/test/heartbeat-CR-R1.tsv
+ .ai-tmp/test/heartbeat-CR-U5R.tsv
+ .ai-tmp/test/heartbeat-CR-V1.tsv
+ .ai-tmp/test/heartbeat-CR-V2.tsv
+ .ai-tmp/test/U5R-out.txt
# removed 0 (none)
# ===== transition at 2026-09-23 13:29:33 | previous sha256_16=5FCAC27ECCB9AB39 (289 entries) -> new 286 entries =====
# DELTA for cited-evidence-whitelist-f2.txt | previous sha256_16=5FCAC27ECCB9AB39 (289 entries) -> new 286 entries | at 2026-09-23 13:29:33 | Machine-generated, do NOT hand-edit
# added 0 (none)
# removed 3
- .ai-tmp/screenshots/CR-U5-battle-live.png
- .ai-tmp/screenshots/CR-U5-mid2.png
- .ai-tmp/screenshots/CR-U5-mid-no-menu-pause.png
# ===== transition at 2026-09-23 13:59:27 | previous sha256_16=6113124EF30EE3D9 (286 entries) -> new 293 entries =====
# DELTA for cited-evidence-whitelist-f2.txt | previous sha256_16=6113124EF30EE3D9 (286 entries) -> new 293 entries | at 2026-09-23 13:59:27 | Machine-generated, do NOT hand-edit
# added 7
+ .ai-tmp/hosts/check_def.py
+ .ai-tmp/test/aa2-land.py
+ .ai-tmp/test/ai1-fold.py
+ .ai-tmp/test/AM2-measure.py
+ .ai-tmp/test/AU1-live2.ps1
+ .ai-tmp/test/cr-v1-waterprof.py
+ .ai-tmp/test/p1-measure.py
# removed 0 (none)
